[2024-11-12T12:24:06.007+0100][gc,init] CardTable entry size: 512
[2024-11-12T12:24:06.007+0100][gc     ] Using G1
[2024-11-12T12:24:06.008+0100][gc,init] Version: 22.0.1+8-16 (release)
[2024-11-12T12:24:06.008+0100][gc,init] CPUs: 8 total, 8 available
[2024-11-12T12:24:06.008+0100][gc,init] Memory: 8192M
[2024-11-12T12:24:06.008+0100][gc,init] Large Page Support: Disabled
[2024-11-12T12:24:06.008+0100][gc,init] NUMA Support: Disabled
[2024-11-12T12:24:06.008+0100][gc,init] Compressed Oops: Enabled (Zero based)
[2024-11-12T12:24:06.008+0100][gc,init] Heap Region Size: 1M
[2024-11-12T12:24:06.008+0100][gc,init] Heap Min Capacity: 1G
[2024-11-12T12:24:06.008+0100][gc,init] Heap Initial Capacity: 1G
[2024-11-12T12:24:06.008+0100][gc,init] Heap Max Capacity: 1G
[2024-11-12T12:24:06.008+0100][gc,init] Pre-touch: Disabled
[2024-11-12T12:24:06.008+0100][gc,init] Parallel Workers: 8
[2024-11-12T12:24:06.008+0100][gc,init] Concurrent Workers: 2
[2024-11-12T12:24:06.008+0100][gc,init] Concurrent Refinement Workers: 8
[2024-11-12T12:24:06.009+0100][gc,init] Periodic GC: Disabled
[2024-11-12T12:24:06.012+0100][gc,metaspace] CDS archive(s) mapped at: [0x00000c0000000000-0x00000c0000c70000-0x00000c0000c70000), size 13041664, SharedBaseAddress: 0x00000c0000000000, ArchiveRelocationMode: 1.
[2024-11-12T12:24:06.012+0100][gc,metaspace] Compressed class space mapped at: 0x00000c0001000000-0x00000c0041000000, reserved size: 1073741824
[2024-11-12T12:24:06.012+0100][gc,metaspace] Narrow klass base: 0x00000c0000000000, Narrow klass shift: 0, Narrow klass range: 0x100000000
[2024-11-12T12:24:06.685+0100][gc,start    ] GC(0) Pause Young (Normal) (G1 Evacuation Pause)
[2024-11-12T12:24:06.685+0100][gc,task     ] GC(0) Using 8 workers of 8 for evacuation
[2024-11-12T12:24:06.688+0100][gc,phases   ] GC(0)   Pre Evacuate Collection Set: 0.18ms
[2024-11-12T12:24:06.688+0100][gc,phases   ] GC(0)   Merge Heap Roots: 0.05ms
[2024-11-12T12:24:06.688+0100][gc,phases   ] GC(0)   Evacuate Collection Set: 2.31ms
[2024-11-12T12:24:06.688+0100][gc,phases   ] GC(0)   Post Evacuate Collection Set: 0.25ms
[2024-11-12T12:24:06.688+0100][gc,phases   ] GC(0)   Other: 0.25ms
[2024-11-12T12:24:06.688+0100][gc,heap     ] GC(0) Eden regions: 51->0(44)
[2024-11-12T12:24:06.688+0100][gc,heap     ] GC(0) Survivor regions: 0->7(7)
[2024-11-12T12:24:06.688+0100][gc,heap     ] GC(0) Old regions: 2->4
[2024-11-12T12:24:06.688+0100][gc,heap     ] GC(0) Humongous regions: 0->0
[2024-11-12T12:24:06.688+0100][gc,metaspace] GC(0) Metaspace: 16682K(16896K)->16682K(16896K) NonClass: 14672K(14784K)->14672K(14784K) Class: 2010K(2112K)->2010K(2112K)
[2024-11-12T12:24:06.688+0100][gc          ] GC(0) Pause Young (Normal) (G1 Evacuation Pause) 52M->9M(1024M) 3.217ms
[2024-11-12T12:24:06.688+0100][gc,cpu      ] GC(0) User=0.01s Sys=0.00s Real=0.00s
[2024-11-12T12:24:06.822+0100][gc,start    ] GC(1) Pause Young (Concurrent Start) (Metadata GC Threshold)
[2024-11-12T12:24:06.822+0100][gc,task     ] GC(1) Using 8 workers of 8 for evacuation
[2024-11-12T12:24:06.825+0100][gc,phases   ] GC(1)   Pre Evacuate Collection Set: 0.16ms
[2024-11-12T12:24:06.825+0100][gc,phases   ] GC(1)   Merge Heap Roots: 0.04ms
[2024-11-12T12:24:06.825+0100][gc,phases   ] GC(1)   Evacuate Collection Set: 2.45ms
[2024-11-12T12:24:06.825+0100][gc,phases   ] GC(1)   Post Evacuate Collection Set: 0.22ms
[2024-11-12T12:24:06.825+0100][gc,phases   ] GC(1)   Other: 0.11ms
[2024-11-12T12:24:06.825+0100][gc,heap     ] GC(1) Eden regions: 18->0(49)
[2024-11-12T12:24:06.825+0100][gc,heap     ] GC(1) Survivor regions: 7->2(7)
[2024-11-12T12:24:06.825+0100][gc,heap     ] GC(1) Old regions: 4->11
[2024-11-12T12:24:06.825+0100][gc,heap     ] GC(1) Humongous regions: 0->0
[2024-11-12T12:24:06.825+0100][gc,metaspace] GC(1) Metaspace: 21254K(21504K)->21254K(21504K) NonClass: 18680K(18816K)->18680K(18816K) Class: 2574K(2688K)->2574K(2688K)
[2024-11-12T12:24:06.825+0100][gc          ] GC(1) Pause Young (Concurrent Start) (Metadata GC Threshold) 27M->10M(1024M) 3.135ms
[2024-11-12T12:24:06.825+0100][gc,cpu      ] GC(1) User=0.01s Sys=0.01s Real=0.00s
[2024-11-12T12:24:06.825+0100][gc          ] GC(2) Concurrent Mark Cycle
[2024-11-12T12:24:06.825+0100][gc,marking  ] GC(2) Concurrent Scan Root Regions
[2024-11-12T12:24:06.826+0100][gc,marking  ] GC(2) Concurrent Scan Root Regions 1.174ms
[2024-11-12T12:24:06.826+0100][gc,marking  ] GC(2) Concurrent Mark
[2024-11-12T12:24:06.826+0100][gc,marking  ] GC(2) Concurrent Mark From Roots
[2024-11-12T12:24:06.826+0100][gc,task     ] GC(2) Using 2 workers of 2 for marking
[2024-11-12T12:24:06.827+0100][gc,marking  ] GC(2) Concurrent Mark From Roots 0.934ms
[2024-11-12T12:24:06.827+0100][gc,marking  ] GC(2) Concurrent Preclean
[2024-11-12T12:24:06.827+0100][gc,marking  ] GC(2) Concurrent Preclean 0.006ms
[2024-11-12T12:24:06.827+0100][gc,start    ] GC(2) Pause Remark
[2024-11-12T12:24:06.828+0100][gc          ] GC(2) Pause Remark 11M->11M(1024M) 1.064ms
[2024-11-12T12:24:06.828+0100][gc,cpu      ] GC(2) User=0.00s Sys=0.00s Real=0.00s
[2024-11-12T12:24:06.828+0100][gc,marking  ] GC(2) Concurrent Mark 2.095ms
[2024-11-12T12:24:06.828+0100][gc,marking  ] GC(2) Concurrent Rebuild Remembered Sets and Scrub Regions
[2024-11-12T12:24:06.829+0100][gc,marking  ] GC(2) Concurrent Rebuild Remembered Sets and Scrub Regions 1.263ms
[2024-11-12T12:24:06.830+0100][gc,start    ] GC(2) Pause Cleanup
[2024-11-12T12:24:06.830+0100][gc          ] GC(2) Pause Cleanup 11M->11M(1024M) 0.061ms
[2024-11-12T12:24:06.830+0100][gc,cpu      ] GC(2) User=0.00s Sys=0.00s Real=0.00s
[2024-11-12T12:24:06.830+0100][gc,marking  ] GC(2) Concurrent Clear Claimed Marks
[2024-11-12T12:24:06.830+0100][gc,marking  ] GC(2) Concurrent Clear Claimed Marks 0.012ms
[2024-11-12T12:24:06.830+0100][gc,marking  ] GC(2) Concurrent Cleanup for Next Mark
[2024-11-12T12:24:06.831+0100][gc,marking  ] GC(2) Concurrent Cleanup for Next Mark 1.247ms
[2024-11-12T12:24:06.831+0100][gc          ] GC(2) Concurrent Mark Cycle 5.994ms
[2024-11-12T12:24:07.195+0100][gc,start    ] GC(3) Pause Young (Prepare Mixed) (G1 Evacuation Pause)
[2024-11-12T12:24:07.195+0100][gc,task     ] GC(3) Using 8 workers of 8 for evacuation
[2024-11-12T12:24:07.197+0100][gc,phases   ] GC(3)   Pre Evacuate Collection Set: 0.16ms
[2024-11-12T12:24:07.197+0100][gc,phases   ] GC(3)   Merge Heap Roots: 0.06ms
[2024-11-12T12:24:07.197+0100][gc,phases   ] GC(3)   Evacuate Collection Set: 1.74ms
[2024-11-12T12:24:07.197+0100][gc,phases   ] GC(3)   Post Evacuate Collection Set: 0.19ms
[2024-11-12T12:24:07.197+0100][gc,phases   ] GC(3)   Other: 0.05ms
[2024-11-12T12:24:07.197+0100][gc,heap     ] GC(3) Eden regions: 49->0(45)
[2024-11-12T12:24:07.197+0100][gc,heap     ] GC(3) Survivor regions: 2->6(7)
[2024-11-12T12:24:07.197+0100][gc,heap     ] GC(3) Old regions: 11->11
[2024-11-12T12:24:07.197+0100][gc,heap     ] GC(3) Humongous regions: 129->129
[2024-11-12T12:24:07.197+0100][gc,metaspace] GC(3) Metaspace: 32626K(32960K)->32626K(32960K) NonClass: 28936K(29120K)->28936K(29120K) Class: 3690K(3840K)->3690K(3840K)
[2024-11-12T12:24:07.197+0100][gc          ] GC(3) Pause Young (Prepare Mixed) (G1 Evacuation Pause) 188M->144M(1024M) 2.342ms
[2024-11-12T12:24:07.197+0100][gc,cpu      ] GC(3) User=0.02s Sys=0.00s Real=0.00s
[2024-11-12T12:24:07.249+0100][gc,start    ] GC(4) Pause Young (Mixed) (Metadata GC Threshold)
[2024-11-12T12:24:07.249+0100][gc,task     ] GC(4) Using 8 workers of 8 for evacuation
[2024-11-12T12:24:07.251+0100][gc,phases   ] GC(4)   Pre Evacuate Collection Set: 0.10ms
[2024-11-12T12:24:07.251+0100][gc,phases   ] GC(4)   Merge Heap Roots: 0.04ms
[2024-11-12T12:24:07.251+0100][gc,phases   ] GC(4)   Evacuate Collection Set: 1.95ms
[2024-11-12T12:24:07.251+0100][gc,phases   ] GC(4)   Post Evacuate Collection Set: 0.17ms
[2024-11-12T12:24:07.251+0100][gc,phases   ] GC(4)   Other: 0.04ms
[2024-11-12T12:24:07.251+0100][gc,heap     ] GC(4) Eden regions: 13->0(49)
[2024-11-12T12:24:07.251+0100][gc,heap     ] GC(4) Survivor regions: 6->2(7)
[2024-11-12T12:24:07.251+0100][gc,heap     ] GC(4) Old regions: 11->15
[2024-11-12T12:24:07.251+0100][gc,heap     ] GC(4) Humongous regions: 129->129
[2024-11-12T12:24:07.251+0100][gc,metaspace] GC(4) Metaspace: 35615K(35968K)->35615K(35968K) NonClass: 31552K(31744K)->31552K(31744K) Class: 4062K(4224K)->4062K(4224K)
[2024-11-12T12:24:07.251+0100][gc          ] GC(4) Pause Young (Mixed) (Metadata GC Threshold) 156M->145M(1024M) 2.422ms
[2024-11-12T12:24:07.251+0100][gc,cpu      ] GC(4) User=0.02s Sys=0.01s Real=0.01s
[2024-11-12T12:24:07.258+0100][gc,start    ] GC(5) Pause Young (Concurrent Start) (Metadata GC Threshold)
[2024-11-12T12:24:07.258+0100][gc,task     ] GC(5) Using 8 workers of 8 for evacuation
[2024-11-12T12:24:07.259+0100][gc,phases   ] GC(5)   Pre Evacuate Collection Set: 0.14ms
[2024-11-12T12:24:07.259+0100][gc,phases   ] GC(5)   Merge Heap Roots: 0.03ms
[2024-11-12T12:24:07.259+0100][gc,phases   ] GC(5)   Evacuate Collection Set: 0.66ms
[2024-11-12T12:24:07.259+0100][gc,phases   ] GC(5)   Post Evacuate Collection Set: 0.13ms
[2024-11-12T12:24:07.259+0100][gc,phases   ] GC(5)   Other: 0.04ms
[2024-11-12T12:24:07.259+0100][gc,heap     ] GC(5) Eden regions: 3->0(49)
[2024-11-12T12:24:07.259+0100][gc,heap     ] GC(5) Survivor regions: 2->2(7)
[2024-11-12T12:24:07.259+0100][gc,heap     ] GC(5) Old regions: 15->15
[2024-11-12T12:24:07.259+0100][gc,heap     ] GC(5) Humongous regions: 129->129
[2024-11-12T12:24:07.259+0100][gc,metaspace] GC(5) Metaspace: 35936K(36288K)->35936K(36288K) NonClass: 31822K(32000K)->31822K(32000K) Class: 4114K(4288K)->4114K(4288K)
[2024-11-12T12:24:07.259+0100][gc          ] GC(5) Pause Young (Concurrent Start) (Metadata GC Threshold) 148M->145M(1024M) 1.087ms
[2024-11-12T12:24:07.259+0100][gc          ] GC(6) Concurrent Mark Cycle
[2024-11-12T12:24:07.259+0100][gc,cpu      ] GC(5) User=0.00s Sys=0.00s Real=0.00s
[2024-11-12T12:24:07.259+0100][gc,marking  ] GC(6) Concurrent Scan Root Regions
[2024-11-12T12:24:07.260+0100][gc,marking  ] GC(6) Concurrent Scan Root Regions 0.575ms
[2024-11-12T12:24:07.260+0100][gc,marking  ] GC(6) Concurrent Mark
[2024-11-12T12:24:07.260+0100][gc,marking  ] GC(6) Concurrent Mark From Roots
[2024-11-12T12:24:07.260+0100][gc,task     ] GC(6) Using 2 workers of 2 for marking
[2024-11-12T12:24:07.266+0100][gc,marking  ] GC(6) Concurrent Mark From Roots 5.929ms
[2024-11-12T12:24:07.267+0100][gc,marking  ] GC(6) Concurrent Preclean
[2024-11-12T12:24:07.267+0100][gc,marking  ] GC(6) Concurrent Preclean 0.056ms
[2024-11-12T12:24:07.267+0100][gc,start    ] GC(6) Pause Remark
[2024-11-12T12:24:07.269+0100][gc          ] GC(6) Pause Remark 146M->146M(1024M) 1.105ms
[2024-11-12T12:24:07.269+0100][gc,cpu      ] GC(6) User=0.01s Sys=0.00s Real=0.00s
[2024-11-12T12:24:07.269+0100][gc,marking  ] GC(6) Concurrent Mark 8.691ms
[2024-11-12T12:24:07.269+0100][gc,marking  ] GC(6) Concurrent Rebuild Remembered Sets and Scrub Regions
[2024-11-12T12:24:07.271+0100][gc,marking  ] GC(6) Concurrent Rebuild Remembered Sets and Scrub Regions 2.509ms
[2024-11-12T12:24:07.271+0100][gc,start    ] GC(6) Pause Cleanup
[2024-11-12T12:24:07.271+0100][gc          ] GC(6) Pause Cleanup 147M->147M(1024M) 0.068ms
[2024-11-12T12:24:07.271+0100][gc,cpu      ] GC(6) User=0.00s Sys=0.00s Real=0.00s
[2024-11-12T12:24:07.271+0100][gc,marking  ] GC(6) Concurrent Clear Claimed Marks
[2024-11-12T12:24:07.271+0100][gc,marking  ] GC(6) Concurrent Clear Claimed Marks 0.020ms
[2024-11-12T12:24:07.271+0100][gc,marking  ] GC(6) Concurrent Cleanup for Next Mark
[2024-11-12T12:24:07.273+0100][gc,marking  ] GC(6) Concurrent Cleanup for Next Mark 1.439ms
[2024-11-12T12:24:07.273+0100][gc          ] GC(6) Concurrent Mark Cycle 13.507ms
[2024-11-12T13:13:03.526+0100][gc,start    ] GC(7) Pause Young (Prepare Mixed) (G1 Evacuation Pause)
[2024-11-12T13:13:03.528+0100][gc,task     ] GC(7) Using 8 workers of 8 for evacuation
[2024-11-12T13:13:03.536+0100][gc,phases   ] GC(7)   Pre Evacuate Collection Set: 0.72ms
[2024-11-12T13:13:03.536+0100][gc,phases   ] GC(7)   Merge Heap Roots: 0.24ms
[2024-11-12T13:13:03.536+0100][gc,phases   ] GC(7)   Evacuate Collection Set: 6.18ms
[2024-11-12T13:13:03.536+0100][gc,phases   ] GC(7)   Post Evacuate Collection Set: 0.73ms
[2024-11-12T13:13:03.536+0100][gc,phases   ] GC(7)   Other: 0.58ms
[2024-11-12T13:13:03.536+0100][gc,heap     ] GC(7) Eden regions: 49->0(48)
[2024-11-12T13:13:03.536+0100][gc,heap     ] GC(7) Survivor regions: 2->3(7)
[2024-11-12T13:13:03.536+0100][gc,heap     ] GC(7) Old regions: 15->15
[2024-11-12T13:13:03.536+0100][gc,heap     ] GC(7) Humongous regions: 129->129
[2024-11-12T13:13:03.536+0100][gc,metaspace] GC(7) Metaspace: 40254K(40768K)->40254K(40768K) NonClass: 35449K(35776K)->35449K(35776K) Class: 4805K(4992K)->4805K(4992K)
[2024-11-12T13:13:03.536+0100][gc          ] GC(7) Pause Young (Prepare Mixed) (G1 Evacuation Pause) 194M->146M(1024M) 10.474ms
[2024-11-12T13:13:03.536+0100][gc,cpu      ] GC(7) User=0.02s Sys=0.02s Real=0.01s
[2024-11-12T13:22:21.426+0100][gc,heap,exit] Heap
[2024-11-12T13:22:21.426+0100][gc,heap,exit]  garbage-first heap   total reserved 1048576K, committed 1048576K, used 177241K [0x00000007c0000000, 0x0000000800000000)
[2024-11-12T13:22:21.426+0100][gc,heap,exit]   region size 1024K, 30 young (30720K), 3 survivors (3072K)
[2024-11-12T13:22:21.426+0100][gc,heap,exit]  Metaspace       used 43520K, committed 44160K, reserved 1114112K
[2024-11-12T13:22:21.426+0100][gc,heap,exit]   class space    used 5406K, committed 5632K, reserved 1048576K
