[2024-11-12T12:23:04.396+0100][gc,init] CardTable entry size: 512
[2024-11-12T12:23:04.396+0100][gc     ] Using G1
[2024-11-12T12:23:04.397+0100][gc,init] Version: 22.0.1+8-16 (release)
[2024-11-12T12:23:04.397+0100][gc,init] CPUs: 8 total, 8 available
[2024-11-12T12:23:04.397+0100][gc,init] Memory: 8192M
[2024-11-12T12:23:04.397+0100][gc,init] Large Page Support: Disabled
[2024-11-12T12:23:04.397+0100][gc,init] NUMA Support: Disabled
[2024-11-12T12:23:04.397+0100][gc,init] Compressed Oops: Enabled (Zero based)
[2024-11-12T12:23:04.397+0100][gc,init] Heap Region Size: 1M
[2024-11-12T12:23:04.397+0100][gc,init] Heap Min Capacity: 512M
[2024-11-12T12:23:04.397+0100][gc,init] Heap Initial Capacity: 512M
[2024-11-12T12:23:04.397+0100][gc,init] Heap Max Capacity: 512M
[2024-11-12T12:23:04.397+0100][gc,init] Pre-touch: Disabled
[2024-11-12T12:23:04.397+0100][gc,init] Parallel Workers: 8
[2024-11-12T12:23:04.397+0100][gc,init] Concurrent Workers: 2
[2024-11-12T12:23:04.397+0100][gc,init] Concurrent Refinement Workers: 8
[2024-11-12T12:23:04.397+0100][gc,init] Periodic GC: Disabled
[2024-11-12T12:23:04.400+0100][gc,metaspace] CDS archive(s) mapped at: [0x00007fc000000000-0x00007fc000c70000-0x00007fc000c70000), size 13041664, SharedBaseAddress: 0x00007fc000000000, ArchiveRelocationMode: 1.
[2024-11-12T12:23:04.400+0100][gc,metaspace] Compressed class space mapped at: 0x00007fc001000000-0x00007fc041000000, reserved size: 1073741824
[2024-11-12T12:23:04.401+0100][gc,metaspace] Narrow klass base: 0x00007fc000000000, Narrow klass shift: 0, Narrow klass range: 0x100000000
[2024-11-12T12:23:04.916+0100][gc,start    ] GC(0) Pause Young (Normal) (G1 Evacuation Pause)
[2024-11-12T12:23:04.916+0100][gc,task     ] GC(0) Using 8 workers of 8 for evacuation
[2024-11-12T12:23:04.918+0100][gc,phases   ] GC(0)   Pre Evacuate Collection Set: 0.12ms
[2024-11-12T12:23:04.918+0100][gc,phases   ] GC(0)   Merge Heap Roots: 0.05ms
[2024-11-12T12:23:04.918+0100][gc,phases   ] GC(0)   Evacuate Collection Set: 2.01ms
[2024-11-12T12:23:04.918+0100][gc,phases   ] GC(0)   Post Evacuate Collection Set: 0.20ms
[2024-11-12T12:23:04.918+0100][gc,phases   ] GC(0)   Other: 0.18ms
[2024-11-12T12:23:04.918+0100][gc,heap     ] GC(0) Eden regions: 25->0(21)
[2024-11-12T12:23:04.918+0100][gc,heap     ] GC(0) Survivor regions: 0->4(4)
[2024-11-12T12:23:04.918+0100][gc,heap     ] GC(0) Old regions: 2->7
[2024-11-12T12:23:04.918+0100][gc,heap     ] GC(0) Humongous regions: 0->0
[2024-11-12T12:23:04.918+0100][gc,metaspace] GC(0) Metaspace: 7652K(7808K)->7652K(7808K) NonClass: 6820K(6912K)->6820K(6912K) Class: 832K(896K)->832K(896K)
[2024-11-12T12:23:04.918+0100][gc          ] GC(0) Pause Young (Normal) (G1 Evacuation Pause) 26M->9M(512M) 2.706ms
[2024-11-12T12:23:04.918+0100][gc,cpu      ] GC(0) User=0.01s Sys=0.01s Real=0.00s
[2024-11-12T13:22:17.141+0100][gc,heap,exit] Heap
[2024-11-12T13:22:17.141+0100][gc,heap,exit]  garbage-first heap   total reserved 524288K, committed 524288K, used 19912K [0x00000007e0000000, 0x0000000800000000)
[2024-11-12T13:22:17.141+0100][gc,heap,exit]   region size 1024K, 15 young (15360K), 4 survivors (4096K)
[2024-11-12T13:22:17.141+0100][gc,heap,exit]  Metaspace       used 9200K, committed 9472K, reserved 1114112K
[2024-11-12T13:22:17.141+0100][gc,heap,exit]   class space    used 976K, committed 1088K, reserved 1048576K
